libc-ares2
libc-bin
libc-dev-bin
libc6
libc6
libc6-dbg
libc6-dev
libc6-pic
libcaca0
libcaca0
libcairo-gobject-perl
libcairo-gobject2
libcairo-gobject2
libcairo-perl
libcairo2
libcairo2
libcairomm-1.0-1v5
libcamd2
libcamel-1.2-62
libcanberra-gtk3-0
libcanberra-gtk3-module
libcanberra-pulse
libcanberra0
libcap-ng0
libcap2
libcap2
libcap2-bin
libcapi20-3
libcapi20-3
libcarp-clan-perl
libcbor0.6
libcc1-0
libccolamd2
libcddb2
libcdio-cdda2
libcdio-paranoia2
libcdio17
libcdio18
libcdparanoia0
libcdparanoia0
libcdr-0.1-1
libcfitsio5
libcfitsio8
libchamplain-0.12-0
libchamplain-gtk-0.12-0
libchm1
libcholmod3
libchromaprint1
libcilkrts5
libclass-c3-perl
libclass-c3-xs-perl
libclass-data-inheritable-perl
libclass-method-modifiers-perl
libclass-xsaccessor-perl
libcln6
libclucene-contribs1v5
libclucene-core1v5
libclutter-1.0-0
libclutter-1.0-common
libclutter-gtk-1.0-0
libcmis-0.5-5v5
libcodec2-0.9
libcodec2-0.9
libcogl-common
libcogl-pango20
libcogl-path20
libcogl20
libcolamd2
libcolorcorrect5
libcolord2
libcolorhug2
libcom-err2
libcom-err2
libcommons-lang3-java
libcommons-parent-java
libconfig-general-perl
libcrack2
libcroco3
libcrypt-dev
libcrypt1
libcrypt1
libcrypto++6
libcryptsetup12
libcrystalhd3
libctf-nobfd0
libctf0
libcups2
libcups2
libcupsfilters1
libcupsimage2
libcurl3-gnutls
libcurl3-gnutls
libcurl4
